------------------------------------------------------------
Timing Analyzer Summary
------------------------------------------------------------

Type  : Slow 1200mV 85C Model Setup 'clk_div'
Slack : -9.370
TNS   : -239.772

Type  : Slow 1200mV 85C Model Setup 'pll_inst|altpll_component|auto_generated|pll1|clk[0]'
Slack : -5.044
TNS   : -5237.415

Type  : Slow 1200mV 85C Model Setup 'clk_50MHz'
Slack : -0.911
TNS   : -0.911

Type  : Slow 1200mV 85C Model Hold 'pll_inst|altpll_component|auto_generated|pll1|clk[0]'
Slack : 0.430
TNS   : 0.000

Type  : Slow 1200mV 85C Model Hold 'clk_div'
Slack : 0.699
TNS   : 0.000

Type  : Slow 1200mV 85C Model Hold 'clk_50MHz'
Slack : 0.703
TNS   : 0.000

Type  : Slow 1200mV 85C Model Recovery 'pll_inst|altpll_component|auto_generated|pll1|clk[0]'
Slack : -6.437
TNS   : -239.321

Type  : Slow 1200mV 85C Model Recovery 'clk_div'
Slack : -3.207
TNS   : -148.934

Type  : Slow 1200mV 85C Model Removal 'clk_div'
Slack : 1.577
TNS   : 0.000

Type  : Slow 1200mV 85C Model Removal 'pll_inst|altpll_component|auto_generated|pll1|clk[0]'
Slack : 3.040
TNS   : 0.000

Type  : Slow 1200mV 85C Model Minimum Pulse Width 'clk_div'
Slack : -1.487
TNS   : -98.142

Type  : Slow 1200mV 85C Model Minimum Pulse Width 'pll_inst|altpll_component|auto_generated|pll1|clk[0]'
Slack : 3.315
TNS   : 0.000

Type  : Slow 1200mV 85C Model Minimum Pulse Width 'clk_50MHz'
Slack : 9.761
TNS   : 0.000

Type  : Slow 1200mV 0C Model Setup 'clk_div'
Slack : -8.850
TNS   : -225.202

Type  : Slow 1200mV 0C Model Setup 'pll_inst|altpll_component|auto_generated|pll1|clk[0]'
Slack : -4.326
TNS   : -4097.016

Type  : Slow 1200mV 0C Model Setup 'clk_50MHz'
Slack : -0.807
TNS   : -0.807

Type  : Slow 1200mV 0C Model Hold 'pll_inst|altpll_component|auto_generated|pll1|clk[0]'
Slack : 0.380
TNS   : 0.000

Type  : Slow 1200mV 0C Model Hold 'clk_50MHz'
Slack : 0.642
TNS   : 0.000

Type  : Slow 1200mV 0C Model Hold 'clk_div'
Slack : 0.647
TNS   : 0.000

Type  : Slow 1200mV 0C Model Recovery 'pll_inst|altpll_component|auto_generated|pll1|clk[0]'
Slack : -5.864
TNS   : -217.785

Type  : Slow 1200mV 0C Model Recovery 'clk_div'
Slack : -3.145
TNS   : -143.780

Type  : Slow 1200mV 0C Model Removal 'clk_div'
Slack : 1.405
TNS   : 0.000

Type  : Slow 1200mV 0C Model Removal 'pll_inst|altpll_component|auto_generated|pll1|clk[0]'
Slack : 2.691
TNS   : 0.000

Type  : Slow 1200mV 0C Model Minimum Pulse Width 'clk_div'
Slack : -1.487
TNS   : -98.142

Type  : Slow 1200mV 0C Model Minimum Pulse Width 'pll_inst|altpll_component|auto_generated|pll1|clk[0]'
Slack : 3.315
TNS   : 0.000

Type  : Slow 1200mV 0C Model Minimum Pulse Width 'clk_50MHz'
Slack : 9.750
TNS   : 0.000

Type  : Fast 1200mV 0C Model Setup 'clk_div'
Slack : -3.744
TNS   : -77.980

Type  : Fast 1200mV 0C Model Setup 'pll_inst|altpll_component|auto_generated|pll1|clk[0]'
Slack : -2.229
TNS   : -18.085

Type  : Fast 1200mV 0C Model Setup 'clk_50MHz'
Slack : -0.047
TNS   : -0.047

Type  : Fast 1200mV 0C Model Hold 'pll_inst|altpll_component|auto_generated|pll1|clk[0]'
Slack : 0.178
TNS   : 0.000

Type  : Fast 1200mV 0C Model Hold 'clk_50MHz'
Slack : 0.234
TNS   : 0.000

Type  : Fast 1200mV 0C Model Hold 'clk_div'
Slack : 0.267
TNS   : 0.000

Type  : Fast 1200mV 0C Model Recovery 'pll_inst|altpll_component|auto_generated|pll1|clk[0]'
Slack : -2.994
TNS   : -112.090

Type  : Fast 1200mV 0C Model Recovery 'clk_div'
Slack : -1.321
TNS   : -51.261

Type  : Fast 1200mV 0C Model Removal 'clk_div'
Slack : 0.629
TNS   : 0.000

Type  : Fast 1200mV 0C Model Removal 'pll_inst|altpll_component|auto_generated|pll1|clk[0]'
Slack : 1.378
TNS   : 0.000

Type  : Fast 1200mV 0C Model Minimum Pulse Width 'clk_div'
Slack : -1.000
TNS   : -66.000

Type  : Fast 1200mV 0C Model Minimum Pulse Width 'pll_inst|altpll_component|auto_generated|pll1|clk[0]'
Slack : 3.490
TNS   : 0.000

Type  : Fast 1200mV 0C Model Minimum Pulse Width 'clk_50MHz'
Slack : 9.453
TNS   : 0.000

------------------------------------------------------------
